Archive member included to satisfy reference by file (symbol)

c:/st/stm32cubeide_1.8.0/stm32cubeide/plugins/com.st.stm32cube.ide.mcu.externaltools.gnu-tools-for-stm32.9-2020-q2-update.win32_2.0.0.202105311346/tools/bin/../lib/gcc/arm-none-eabi/9.3.1/../../../../arm-none-eabi/lib/thumb/v7-m/nofp\libc_nano.a(lib_a-errno.o)
                              ./Core/Src/syscalls.o (__errno)
c:/st/stm32cubeide_1.8.0/stm32cubeide/plugins/com.st.stm32cube.ide.mcu.externaltools.gnu-tools-for-stm32.9-2020-q2-update.win32_2.0.0.202105311346/tools/bin/../lib/gcc/arm-none-eabi/9.3.1/../../../../arm-none-eabi/lib/thumb/v7-m/nofp\libc_nano.a(lib_a-exit.o)
                              c:/st/stm32cubeide_1.8.0/stm32cubeide/plugins/com.st.stm32cube.ide.mcu.externaltools.gnu-tools-for-stm32.9-2020-q2-update.win32_2.0.0.202105311346/tools/bin/../lib/gcc/arm-none-eabi/9.3.1/../../../../arm-none-eabi/lib/thumb/v7-m/nofp/crt0.o (exit)
c:/st/stm32cubeide_1.8.0/stm32cubeide/plugins/com.st.stm32cube.ide.mcu.externaltools.gnu-tools-for-stm32.9-2020-q2-update.win32_2.0.0.202105311346/tools/bin/../lib/gcc/arm-none-eabi/9.3.1/../../../../arm-none-eabi/lib/thumb/v7-m/nofp\libc_nano.a(lib_a-impure.o)
                              c:/st/stm32cubeide_1.8.0/stm32cubeide/plugins/com.st.stm32cube.ide.mcu.externaltools.gnu-tools-for-stm32.9-2020-q2-update.win32_2.0.0.202105311346/tools/bin/../lib/gcc/arm-none-eabi/9.3.1/../../../../arm-none-eabi/lib/thumb/v7-m/nofp\libc_nano.a(lib_a-exit.o) (_global_impure_ptr)
c:/st/stm32cubeide_1.8.0/stm32cubeide/plugins/com.st.stm32cube.ide.mcu.externaltools.gnu-tools-for-stm32.9-2020-q2-update.win32_2.0.0.202105311346/tools/bin/../lib/gcc/arm-none-eabi/9.3.1/../../../../arm-none-eabi/lib/thumb/v7-m/nofp\libc_nano.a(lib_a-init.o)
                              c:/st/stm32cubeide_1.8.0/stm32cubeide/plugins/com.st.stm32cube.ide.mcu.externaltools.gnu-tools-for-stm32.9-2020-q2-update.win32_2.0.0.202105311346/tools/bin/../lib/gcc/arm-none-eabi/9.3.1/../../../../arm-none-eabi/lib/thumb/v7-m/nofp/crt0.o (__libc_init_array)
c:/st/stm32cubeide_1.8.0/stm32cubeide/plugins/com.st.stm32cube.ide.mcu.externaltools.gnu-tools-for-stm32.9-2020-q2-update.win32_2.0.0.202105311346/tools/bin/../lib/gcc/arm-none-eabi/9.3.1/../../../../arm-none-eabi/lib/thumb/v7-m/nofp\libc_nano.a(lib_a-itoa.o)
                              ./Core/Src/guilib.o (itoa)
c:/st/stm32cubeide_1.8.0/stm32cubeide/plugins/com.st.stm32cube.ide.mcu.externaltools.gnu-tools-for-stm32.9-2020-q2-update.win32_2.0.0.202105311346/tools/bin/../lib/gcc/arm-none-eabi/9.3.1/../../../../arm-none-eabi/lib/thumb/v7-m/nofp\libc_nano.a(lib_a-memcpy-stub.o)
                              ./Core/Src/guilib.o (memcpy)
c:/st/stm32cubeide_1.8.0/stm32cubeide/plugins/com.st.stm32cube.ide.mcu.externaltools.gnu-tools-for-stm32.9-2020-q2-update.win32_2.0.0.202105311346/tools/bin/../lib/gcc/arm-none-eabi/9.3.1/../../../../arm-none-eabi/lib/thumb/v7-m/nofp\libc_nano.a(lib_a-memset.o)
                              c:/st/stm32cubeide_1.8.0/stm32cubeide/plugins/com.st.stm32cube.ide.mcu.externaltools.gnu-tools-for-stm32.9-2020-q2-update.win32_2.0.0.202105311346/tools/bin/../lib/gcc/arm-none-eabi/9.3.1/../../../../arm-none-eabi/lib/thumb/v7-m/nofp/crt0.o (memset)
c:/st/stm32cubeide_1.8.0/stm32cubeide/plugins/com.st.stm32cube.ide.mcu.externaltools.gnu-tools-for-stm32.9-2020-q2-update.win32_2.0.0.202105311346/tools/bin/../lib/gcc/arm-none-eabi/9.3.1/../../../../arm-none-eabi/lib/thumb/v7-m/nofp\libc_nano.a(lib_a-utoa.o)
                              c:/st/stm32cubeide_1.8.0/stm32cubeide/plugins/com.st.stm32cube.ide.mcu.externaltools.gnu-tools-for-stm32.9-2020-q2-update.win32_2.0.0.202105311346/tools/bin/../lib/gcc/arm-none-eabi/9.3.1/../../../../arm-none-eabi/lib/thumb/v7-m/nofp\libc_nano.a(lib_a-itoa.o) (__utoa)
c:/st/stm32cubeide_1.8.0/stm32cubeide/plugins/com.st.stm32cube.ide.mcu.externaltools.gnu-tools-for-stm32.9-2020-q2-update.win32_2.0.0.202105311346/tools/bin/../lib/gcc/arm-none-eabi/9.3.1/thumb/v7-m/nofp\libgcc.a(_arm_addsubsf3.o)
                              ./Core/Src/ILI9341_GFX.o (__aeabi_i2f)
c:/st/stm32cubeide_1.8.0/stm32cubeide/plugins/com.st.stm32cube.ide.mcu.externaltools.gnu-tools-for-stm32.9-2020-q2-update.win32_2.0.0.202105311346/tools/bin/../lib/gcc/arm-none-eabi/9.3.1/thumb/v7-m/nofp\libgcc.a(_arm_cmpsf2.o)
                              ./Core/Src/ILI9341_GFX.o (__aeabi_fcmplt)

Allocating common symbols
Common symbol       size              file

uwTick              0x4               ./Drivers/STM32F1xx_HAL_Driver/Src/stm32f1xx_hal.o
pFlash              0x20              ./Drivers/STM32F1xx_HAL_Driver/Src/stm32f1xx_hal_flash.o
hspi1               0x58              ./Core/Src/main.o
hdma_spi1_tx        0x44              ./Core/Src/main.o

Discarded input sections

[...]
Memory Configuration

Name             Origin             Length             Attributes
RAM              0x0000000020000000 0x0000000000005000 xrw
FLASH            0x0000000008000000 0x0000000000010000 xr
*default*        0x0000000000000000 0xffffffffffffffff

Linker script and memory map

LOAD c:/st/stm32cubeide_1.8.0/stm32cubeide/plugins/com.st.stm32cube.ide.mcu.externaltools.gnu-tools-for-stm32.9-2020-q2-update.win32_2.0.0.202105311346/tools/bin/../lib/gcc/arm-none-eabi/9.3.1/thumb/v7-m/nofp/crti.o
LOAD c:/st/stm32cubeide_1.8.0/stm32cubeide/plugins/com.st.stm32cube.ide.mcu.externaltools.gnu-tools-for-stm32.9-2020-q2-update.win32_2.0.0.202105311346/tools/bin/../lib/gcc/arm-none-eabi/9.3.1/thumb/v7-m/nofp/crtbegin.o
LOAD c:/st/stm32cubeide_1.8.0/stm32cubeide/plugins/com.st.stm32cube.ide.mcu.externaltools.gnu-tools-for-stm32.9-2020-q2-update.win32_2.0.0.202105311346/tools/bin/../lib/gcc/arm-none-eabi/9.3.1/../../../../arm-none-eabi/lib/thumb/v7-m/nofp/crt0.o
LOAD ./Core/Src/ILI9341_GFX.o
LOAD ./Core/Src/ILI9341_STM32_Driver.o
LOAD ./Core/Src/fonts.o
LOAD ./Core/Src/guilib.o
LOAD ./Core/Src/main.o
LOAD ./Core/Src/stm32f1xx_hal_msp.o
LOAD ./Core/Src/stm32f1xx_it.o
LOAD ./Core/Src/syscalls.o
LOAD ./Core/Src/sysmem.o
LOAD ./Core/Src/system_stm32f1xx.o
LOAD ./Core/Startup/startup_stm32f103c8tx.o
LOAD ./Drivers/STM32F1xx_HAL_Driver/Src/stm32f1xx_hal.o
LOAD ./Drivers/STM32F1xx_HAL_Driver/Src/stm32f1xx_hal_cortex.o
LOAD ./Drivers/STM32F1xx_HAL_Driver/Src/stm32f1xx_hal_dma.o
LOAD ./Drivers/STM32F1xx_HAL_Driver/Src/stm32f1xx_hal_exti.o
LOAD ./Drivers/STM32F1xx_HAL_Driver/Src/stm32f1xx_hal_flash.o
LOAD ./Drivers/STM32F1xx_HAL_Driver/Src/stm32f1xx_hal_flash_ex.o
LOAD ./Drivers/STM32F1xx_HAL_Driver/Src/stm32f1xx_hal_gpio.o
LOAD ./Drivers/STM32F1xx_HAL_Driver/Src/stm32f1xx_hal_gpio_ex.o
LOAD ./Drivers/STM32F1xx_HAL_Driver/Src/stm32f1xx_hal_pwr.o
LOAD ./Drivers/STM32F1xx_HAL_Driver/Src/stm32f1xx_hal_rcc.o
LOAD ./Drivers/STM32F1xx_HAL_Driver/Src/stm32f1xx_hal_rcc_ex.o
LOAD ./Drivers/STM32F1xx_HAL_Driver/Src/stm32f1xx_hal_spi.o
LOAD ./Drivers/STM32F1xx_HAL_Driver/Src/stm32f1xx_hal_tim.o
LOAD ./Drivers/STM32F1xx_HAL_Driver/Src/stm32f1xx_hal_tim_ex.o
START GROUP
LOAD c:/st/stm32cubeide_1.8.0/stm32cubeide/plugins/com.st.stm32cube.ide.mcu.externaltools.gnu-tools-for-stm32.9-2020-q2-update.win32_2.0.0.202105311346/tools/bin/../lib/gcc/arm-none-eabi/9.3.1/../../../../arm-none-eabi/lib/thumb/v7-m/nofp\libc_nano.a
LOAD c:/st/stm32cubeide_1.8.0/stm32cubeide/plugins/com.st.stm32cube.ide.mcu.externaltools.gnu-tools-for-stm32.9-2020-q2-update.win32_2.0.0.202105311346/tools/bin/../lib/gcc/arm-none-eabi/9.3.1/../../../../arm-none-eabi/lib/thumb/v7-m/nofp\libm.a
END GROUP
START GROUP
LOAD c:/st/stm32cubeide_1.8.0/stm32cubeide/plugins/com.st.stm32cube.ide.mcu.externaltools.gnu-tools-for-stm32.9-2020-q2-update.win32_2.0.0.202105311346/tools/bin/../lib/gcc/arm-none-eabi/9.3.1/thumb/v7-m/nofp\libgcc.a
LOAD c:/st/stm32cubeide_1.8.0/stm32cubeide/plugins/com.st.stm32cube.ide.mcu.externaltools.gnu-tools-for-stm32.9-2020-q2-update.win32_2.0.0.202105311346/tools/bin/../lib/gcc/arm-none-eabi/9.3.1/../../../../arm-none-eabi/lib/thumb/v7-m/nofp\libc_nano.a
END GROUP
START GROUP
LOAD c:/st/stm32cubeide_1.8.0/stm32cubeide/plugins/com.st.stm32cube.ide.mcu.externaltools.gnu-tools-for-stm32.9-2020-q2-update.win32_2.0.0.202105311346/tools/bin/../lib/gcc/arm-none-eabi/9.3.1/thumb/v7-m/nofp\libgcc.a
LOAD c:/st/stm32cubeide_1.8.0/stm32cubeide/plugins/com.st.stm32cube.ide.mcu.externaltools.gnu-tools-for-stm32.9-2020-q2-update.win32_2.0.0.202105311346/tools/bin/../lib/gcc/arm-none-eabi/9.3.1/../../../../arm-none-eabi/lib/thumb/v7-m/nofp\libc_nano.a
LOAD c:/st/stm32cubeide_1.8.0/stm32cubeide/plugins/com.st.stm32cube.ide.mcu.externaltools.gnu-tools-for-stm32.9-2020-q2-update.win32_2.0.0.202105311346/tools/bin/../lib/gcc/arm-none-eabi/9.3.1/../../../../arm-none-eabi/lib/thumb/v7-m/nofp\libnosys.a
END GROUP
START GROUP
LOAD c:/st/stm32cubeide_1.8.0/stm32cubeide/plugins/com.st.stm32cube.ide.mcu.externaltools.gnu-tools-for-stm32.9-2020-q2-update.win32_2.0.0.202105311346/tools/bin/../lib/gcc/arm-none-eabi/9.3.1/thumb/v7-m/nofp\libgcc.a
LOAD c:/st/stm32cubeide_1.8.0/stm32cubeide/plugins/com.st.stm32cube.ide.mcu.externaltools.gnu-tools-for-stm32.9-2020-q2-update.win32_2.0.0.202105311346/tools/bin/../lib/gcc/arm-none-eabi/9.3.1/../../../../arm-none-eabi/lib/thumb/v7-m/nofp\libc_nano.a
LOAD c:/st/stm32cubeide_1.8.0/stm32cubeide/plugins/com.st.stm32cube.ide.mcu.externaltools.gnu-tools-for-stm32.9-2020-q2-update.win32_2.0.0.202105311346/tools/bin/../lib/gcc/arm-none-eabi/9.3.1/../../../../arm-none-eabi/lib/thumb/v7-m/nofp\libnosys.a
END GROUP
LOAD c:/st/stm32cubeide_1.8.0/stm32cubeide/plugins/com.st.stm32cube.ide.mcu.externaltools.gnu-tools-for-stm32.9-2020-q2-update.win32_2.0.0.202105311346/tools/bin/../lib/gcc/arm-none-eabi/9.3.1/thumb/v7-m/nofp/crtend.o
LOAD c:/st/stm32cubeide_1.8.0/stm32cubeide/plugins/com.st.stm32cube.ide.mcu.externaltools.gnu-tools-for-stm32.9-2020-q2-update.win32_2.0.0.202105311346/tools/bin/../lib/gcc/arm-none-eabi/9.3.1/thumb/v7-m/nofp/crtn.o
                0x0000000020005000                _estack = (ORIGIN (RAM) + LENGTH (RAM))
                0x0000000000000200                _Min_Heap_Size = 0x200
                0x0000000000000400                _Min_Stack_Size = 0x400

.isr_vector     0x0000000008000000      0x10c
                0x0000000008000000                . = ALIGN (0x4)
 *(.isr_vector)
 .isr_vector    0x0000000008000000      0x10c ./Core/Startup/startup_stm32f103c8tx.o
                0x0000000008000000                g_pfnVectors
                0x000000000800010c                . = ALIGN (0x4)

.text           0x000000000800010c     0x25a8
                0x000000000800010c                . = ALIGN (0x4)
 *(.text)
 .text          0x000000000800010c       0x40 c:/st/stm32cubeide_1.8.0/stm32cubeide/plugins/com.st.stm32cube.ide.mcu.externaltools.gnu-tools-for-stm32.9-2020-q2-update.win32_2.0.0.202105311346/tools/bin/../lib/gcc/arm-none-eabi/9.3.1/thumb/v7-m/nofp/crtbegin.o
 .text          0x000000000800014c      0x21c c:/st/stm32cubeide_1.8.0/stm32cubeide/plugins/com.st.stm32cube.ide.mcu.externaltools.gnu-tools-for-stm32.9-2020-q2-update.win32_2.0.0.202105311346/tools/bin/../lib/gcc/arm-none-eabi/9.3.1/thumb/v7-m/nofp\libgcc.a(_arm_addsubsf3.o)
                0x000000000800014c                __aeabi_frsub
                0x0000000008000154                __subsf3
                0x0000000008000154                __aeabi_fsub
                0x0000000008000158                __aeabi_fadd
                0x0000000008000158                __addsf3
                0x00000000080002b8                __aeabi_ui2f
                0x00000000080002b8                __floatunsisf
                0x00000000080002c0                __aeabi_i2f
                0x00000000080002c0                __floatsisf
                0x00000000080002dc                __aeabi_ul2f
                0x00000000080002dc                __floatundisf
                0x00000000080002ec                __aeabi_l2f
                0x00000000080002ec                __floatdisf
 .text          0x0000000008000368       0xec c:/st/stm32cubeide_1.8.0/stm32cubeide/plugins/com.st.stm32cube.ide.mcu.externaltools.gnu-tools-for-stm32.9-2020-q2-update.win32_2.0.0.202105311346/tools/bin/../lib/gcc/arm-none-eabi/9.3.1/thumb/v7-m/nofp\libgcc.a(_arm_cmpsf2.o)
                0x0000000008000368                __gesf2
                0x0000000008000368                __gtsf2
                0x0000000008000370                __lesf2
                0x0000000008000370                __ltsf2
                0x0000000008000378                __nesf2
                0x0000000008000378                __eqsf2
                0x0000000008000378                __cmpsf2
                0x00000000080003d8                __aeabi_cfrcmple
                0x00000000080003e0                __aeabi_cfcmpeq
                0x00000000080003e0                __aeabi_cfcmple
                0x00000000080003f0                __aeabi_fcmpeq
                0x0000000008000404                __aeabi_fcmplt
                0x0000000008000418                __aeabi_fcmple
                0x000000000800042c                __aeabi_fcmpge
                0x0000000008000440                __aeabi_fcmpgt
 *(.text*)
 .text.ILI9341_DrawHollowRectangleCoord
                0x0000000008000454       0x8e ./Core/Src/ILI9341_GFX.o
                0x0000000008000454                ILI9341_DrawHollowRectangleCoord
 .text.ILI9341_DrawChar
                0x00000000080004e2       0x92 ./Core/Src/ILI9341_GFX.o
                0x00000000080004e2                ILI9341_DrawChar
 .text.ILI9341_DrawText
                0x0000000008000574       0x4c ./Core/Src/ILI9341_GFX.o
                0x0000000008000574                ILI9341_DrawText
 .text.HAL_SPI_TxCpltCallback
                0x00000000080005c0       0x1c ./Core/Src/ILI9341_STM32_Driver.o
                0x00000000080005c0                HAL_SPI_TxCpltCallback
 .text.ILI9341_SPI_Tx
                0x00000000080005dc       0x28 ./Core/Src/ILI9341_STM32_Driver.o
 .text.ILI9341_SPI_TxBuffer
                0x0000000008000604       0x18 ./Core/Src/ILI9341_STM32_Driver.o
 .text.ILI9341_WriteCommand
                0x000000000800061c       0x2c ./Core/Src/ILI9341_STM32_Driver.o
                0x000000000800061c                ILI9341_WriteCommand
 .text.ILI9341_WriteData
                0x0000000008000648       0x2c ./Core/Src/ILI9341_STM32_Driver.o
                0x0000000008000648                ILI9341_WriteData
 .text.ILI9341_WriteBuffer
                0x0000000008000674       0x38 ./Core/Src/ILI9341_STM32_Driver.o
                0x0000000008000674                ILI9341_WriteBuffer
 .text.ILI9341_SetAddress
                0x00000000080006ac       0x90 ./Core/Src/ILI9341_STM32_Driver.o
                0x00000000080006ac                ILI9341_SetAddress
 .text.ILI9341_Reset
                0x000000000800073c       0x44 ./Core/Src/ILI9341_STM32_Driver.o
                0x000000000800073c                ILI9341_Reset
 .text.ILI9341_Enable
                0x0000000008000780       0x10 ./Core/Src/ILI9341_STM32_Driver.o
                0x0000000008000780                ILI9341_Enable
 .text.ILI9341_Init
                0x0000000008000790      0x212 ./Core/Src/ILI9341_STM32_Driver.o
                0x0000000008000790                ILI9341_Init
 *fill*         0x00000000080009a2        0x2 
 .text.ILI9341_SetRotation
                0x00000000080009a4       0x58 ./Core/Src/ILI9341_STM32_Driver.o
                0x00000000080009a4                ILI9341_SetRotation
 .text.ILI9341_DrawColorBurst
                0x00000000080009fc       0xa0 ./Core/Src/ILI9341_STM32_Driver.o
                0x00000000080009fc                ILI9341_DrawColorBurst
 .text.ILI9341_FillScreen
                0x0000000008000a9c       0x34 ./Core/Src/ILI9341_STM32_Driver.o
                0x0000000008000a9c                ILI9341_FillScreen
 .text.ILI9341_DrawPixel
                0x0000000008000ad0       0x78 ./Core/Src/ILI9341_STM32_Driver.o
                0x0000000008000ad0                ILI9341_DrawPixel
 .text.ILI9341_DrawRectangle
                0x0000000008000b48       0x74 ./Core/Src/ILI9341_STM32_Driver.o
                0x0000000008000b48                ILI9341_DrawRectangle
 .text.ILI9341_DrawHLine
                0x0000000008000bbc       0x50 ./Core/Src/ILI9341_STM32_Driver.o
                0x0000000008000bbc                ILI9341_DrawHLine
 .text.ILI9341_DrawVLine
                0x0000000008000c0c       0x50 ./Core/Src/ILI9341_STM32_Driver.o
                0x0000000008000c0c                ILI9341_DrawVLine
 .text.screen_draw_page
                0x0000000008000c5c      0x25c ./Core/Src/guilib.o
                0x0000000008000c5c                screen_draw_page
 .text.screen_draw_helper
                0x0000000008000eb8       0x80 ./Core/Src/guilib.o
                0x0000000008000eb8                screen_draw_helper
 .text.screen_draw_statusbar
                0x0000000008000f38       0x34 ./Core/Src/guilib.o
                0x0000000008000f38                screen_draw_statusbar
 .text.screen_draw_menu
                0x0000000008000f6c       0xa4 ./Core/Src/guilib.o
                0x0000000008000f6c                screen_draw_menu
 .text.screen_draw_data
                0x0000000008001010       0x5c ./Core/Src/guilib.o
                0x0000000008001010                screen_draw_data
 .text.screen_draw_data_block
                0x000000000800106c       0x74 ./Core/Src/guilib.o
                0x000000000800106c                screen_draw_data_block
 .text.startup.main
                0x00000000080010e0       0x78 ./Core/Src/main.o
                0x00000000080010e0                main
 .text.SystemClock_Config
                0x0000000008001158       0x62 ./Core/Src/main.o
                0x0000000008001158                SystemClock_Config
 .text.MX_NVIC_Init
                0x00000000080011ba       0x26 ./Core/Src/main.o
 .text.MX_SPI1_Init
                0x00000000080011e0       0x44 ./Core/Src/main.o
 .text.MX_DMA_Init
                0x0000000008001224       0x20 ./Core/Src/main.o
 .text.MX_GPIO_Init
                0x0000000008001244       0xe0 ./Core/Src/main.o
 .text.os_worker_buttons
                0x0000000008001324       0xf0 ./Core/Src/main.o
                0x0000000008001324                os_worker_buttons
 .text.Error_Handler
                0x0000000008001414        0x4 ./Core/Src/main.o
                0x0000000008001414                Error_Handler
 .text.HAL_MspInit
                0x0000000008001418       0x44 ./Core/Src/stm32f1xx_hal_msp.o
                0x0000000008001418                HAL_MspInit
 .text.HAL_SPI_MspInit
                0x000000000800145c       0xa8 ./Core/Src/stm32f1xx_hal_msp.o
                0x000000000800145c                HAL_SPI_MspInit
 .text.NMI_Handler
                0x0000000008001504        0x2 ./Core/Src/stm32f1xx_it.o
                0x0000000008001504                NMI_Handler
 .text.HardFault_Handler
                0x0000000008001506        0x2 ./Core/Src/stm32f1xx_it.o
                0x0000000008001506                HardFault_Handler
 .text.MemManage_Handler
                0x0000000008001508        0x2 ./Core/Src/stm32f1xx_it.o
                0x0000000008001508                MemManage_Handler
 .text.BusFault_Handler
                0x000000000800150a        0x2 ./Core/Src/stm32f1xx_it.o
                0x000000000800150a                BusFault_Handler
 .text.UsageFault_Handler
                0x000000000800150c        0x2 ./Core/Src/stm32f1xx_it.o
                0x000000000800150c                UsageFault_Handler
 .text.SVC_Handler
                0x000000000800150e        0x2 ./Core/Src/stm32f1xx_it.o
                0x000000000800150e                SVC_Handler
 .text.DebugMon_Handler
                0x0000000008001510        0x2 ./Core/Src/stm32f1xx_it.o
                0x0000000008001510                DebugMon_Handler
 .text.PendSV_Handler
                0x0000000008001512        0x2 ./Core/Src/stm32f1xx_it.o
                0x0000000008001512                PendSV_Handler
 .text.SysTick_Handler
                0x0000000008001514        0x4 ./Core/Src/stm32f1xx_it.o
                0x0000000008001514                SysTick_Handler
 .text.DMA1_Channel3_IRQHandler
                0x0000000008001518        0xc ./Core/Src/stm32f1xx_it.o
                0x0000000008001518                DMA1_Channel3_IRQHandler
 .text.SPI1_IRQHandler
                0x0000000008001524        0xc ./Core/Src/stm32f1xx_it.o
                0x0000000008001524                SPI1_IRQHandler
 .text.SystemInit
                0x0000000008001530        0x2 ./Core/Src/system_stm32f1xx.o
                0x0000000008001530                SystemInit
 *fill*         0x0000000008001532        0x2 
 .text.Reset_Handler
                0x0000000008001534       0x48 ./Core/Startup/startup_stm32f103c8tx.o
                0x0000000008001534                Reset_Handler
 .text.Default_Handler
                0x000000000800157c        0x2 ./Core/Startup/startup_stm32f103c8tx.o
                0x000000000800157c                RTC_Alarm_IRQHandler
                0x000000000800157c                EXTI2_IRQHandler
                0x000000000800157c                TIM1_CC_IRQHandler
                0x000000000800157c                PVD_IRQHandler
                0x000000000800157c                EXTI3_IRQHandler
                0x000000000800157c                EXTI0_IRQHandler
                0x000000000800157c                I2C2_EV_IRQHandler
                0x000000000800157c                ADC1_2_IRQHandler
                0x000000000800157c                TAMPER_IRQHandler
                0x000000000800157c                DMA1_Channel4_IRQHandler
                0x000000000800157c                USART3_IRQHandler
                0x000000000800157c                RTC_IRQHandler
                0x000000000800157c                DMA1_Channel7_IRQHandler
                0x000000000800157c                CAN1_RX1_IRQHandler
                0x000000000800157c                TIM4_IRQHandler
                0x000000000800157c                I2C1_EV_IRQHandler
                0x000000000800157c                DMA1_Channel6_IRQHandler
                0x000000000800157c                TIM3_IRQHandler
                0x000000000800157c                RCC_IRQHandler
                0x000000000800157c                TIM1_TRG_COM_IRQHandler
                0x000000000800157c                DMA1_Channel1_IRQHandler
                0x000000000800157c                Default_Handler
                0x000000000800157c                EXTI15_10_IRQHandler
                0x000000000800157c                EXTI9_5_IRQHandler
                0x000000000800157c                SPI2_IRQHandler
                0x000000000800157c                DMA1_Channel5_IRQHandler
                0x000000000800157c                EXTI4_IRQHandler
                0x000000000800157c                USB_LP_CAN1_RX0_IRQHandler
                0x000000000800157c                USB_HP_CAN1_TX_IRQHandler
                0x000000000800157c                TIM1_UP_IRQHandler
                0x000000000800157c                WWDG_IRQHandler
                0x000000000800157c                TIM2_IRQHandler
                0x000000000800157c                TIM1_BRK_IRQHandler
                0x000000000800157c                EXTI1_IRQHandler
                0x000000000800157c                USART2_IRQHandler
                0x000000000800157c                I2C2_ER_IRQHandler
                0x000000000800157c                DMA1_Channel2_IRQHandler
                0x000000000800157c                CAN1_SCE_IRQHandler
                0x000000000800157c                FLASH_IRQHandler
                0x000000000800157c                USART1_IRQHandler
                0x000000000800157c                I2C1_ER_IRQHandler
                0x000000000800157c                USBWakeUp_IRQHandler
 *fill*         0x000000000800157e        0x2 
 .text.HAL_InitTick
                0x0000000008001580       0x48 ./Drivers/STM32F1xx_HAL_Driver/Src/stm32f1xx_hal.o
                0x0000000008001580                HAL_InitTick
 .text.HAL_Init
                0x00000000080015c8       0x24 ./Drivers/STM32F1xx_HAL_Driver/Src/stm32f1xx_hal.o
                0x00000000080015c8                HAL_Init
 .text.HAL_IncTick
                0x00000000080015ec       0x18 ./Drivers/STM32F1xx_HAL_Driver/Src/stm32f1xx_hal.o
                0x00000000080015ec                HAL_IncTick
 .text.HAL_GetTick
                0x0000000008001604        0xc ./Drivers/STM32F1xx_HAL_Driver/Src/stm32f1xx_hal.o
                0x0000000008001604                HAL_GetTick
 .text.HAL_Delay
                0x0000000008001610       0x24 ./Drivers/STM32F1xx_HAL_Driver/Src/stm32f1xx_hal.o
                0x0000000008001610                HAL_Delay
 .text.HAL_NVIC_SetPriorityGrouping
                0x0000000008001634       0x24 ./Drivers/STM32F1xx_HAL_Driver/Src/stm32f1xx_hal_cortex.o
                0x0000000008001634                HAL_NVIC_SetPriorityGrouping
 .text.HAL_NVIC_SetPriority
                0x0000000008001658       0x64 ./Drivers/STM32F1xx_HAL_Driver/Src/stm32f1xx_hal_cortex.o
                0x0000000008001658                HAL_NVIC_SetPriority
 .text.HAL_NVIC_EnableIRQ
                0x00000000080016bc       0x1c ./Drivers/STM32F1xx_HAL_Driver/Src/stm32f1xx_hal_cortex.o
                0x00000000080016bc                HAL_NVIC_EnableIRQ
 .text.HAL_SYSTICK_Config
                0x00000000080016d8       0x2c ./Drivers/STM32F1xx_HAL_Driver/Src/stm32f1xx_hal_cortex.o
                0x00000000080016d8                HAL_SYSTICK_Config
 .text.HAL_DMA_Init
                0x0000000008001704       0x5c ./Drivers/STM32F1xx_HAL_Driver/Src/stm32f1xx_hal_dma.o
                0x0000000008001704                HAL_DMA_Init
 .text.HAL_DMA_Start_IT
                0x0000000008001760       0x78 ./Drivers/STM32F1xx_HAL_Driver/Src/stm32f1xx_hal_dma.o
                0x0000000008001760                HAL_DMA_Start_IT
 .text.HAL_DMA_Abort_IT
                0x00000000080017d8       0x8c ./Drivers/STM32F1xx_HAL_Driver/Src/stm32f1xx_hal_dma.o
                0x00000000080017d8                HAL_DMA_Abort_IT
 .text.HAL_DMA_IRQHandler
                0x0000000008001864      0x124 ./Drivers/STM32F1xx_HAL_Driver/Src/stm32f1xx_hal_dma.o
                0x0000000008001864                HAL_DMA_IRQHandler
 .text.HAL_GPIO_Init
                0x0000000008001988      0x1b8 ./Drivers/STM32F1xx_HAL_Driver/Src/stm32f1xx_hal_gpio.o
                0x0000000008001988                HAL_GPIO_Init
 .text.HAL_GPIO_ReadPin
                0x0000000008001b40        0xc ./Drivers/STM32F1xx_HAL_Driver/Src/stm32f1xx_hal_gpio.o
                0x0000000008001b40                HAL_GPIO_ReadPin
 .text.HAL_GPIO_WritePin
                0x0000000008001b4c        0xa ./Drivers/STM32F1xx_HAL_Driver/Src/stm32f1xx_hal_gpio.o
                0x0000000008001b4c                HAL_GPIO_WritePin
 *fill*         0x0000000008001b56        0x2 
 .text.HAL_RCC_OscConfig
                0x0000000008001b58      0x338 ./Drivers/STM32F1xx_HAL_Driver/Src/stm32f1xx_hal_rcc.o
                0x0000000008001b58                HAL_RCC_OscConfig
 .text.HAL_RCC_GetSysClockFreq
                0x0000000008001e90       0x74 ./Drivers/STM32F1xx_HAL_Driver/Src/stm32f1xx_hal_rcc.o
                0x0000000008001e90                HAL_RCC_GetSysClockFreq
 .text.HAL_RCC_ClockConfig
                0x0000000008001f04      0x138 ./Drivers/STM32F1xx_HAL_Driver/Src/stm32f1xx_hal_rcc.o
                0x0000000008001f04                HAL_RCC_ClockConfig
 .text.SPI_WaitFlagStateUntilTimeout.constprop.0
                0x000000000800203c       0xac ./Drivers/STM32F1xx_HAL_Driver/Src/stm32f1xx_hal_spi.o
 .text.SPI_EndRxTxTransaction
                0x00000000080020e8       0x1c ./Drivers/STM32F1xx_HAL_Driver/Src/stm32f1xx_hal_spi.o
 .text.HAL_SPI_Init
                0x0000000008002104       0xb0 ./Drivers/STM32F1xx_HAL_Driver/Src/stm32f1xx_hal_spi.o
                0x0000000008002104                HAL_SPI_Init
 .text.HAL_SPI_Transmit
                0x00000000080021b4      0x15a ./Drivers/STM32F1xx_HAL_Driver/Src/stm32f1xx_hal_spi.o
                0x00000000080021b4                HAL_SPI_Transmit
 *fill*         0x000000000800230e        0x2 
 .text.HAL_SPI_Transmit_DMA
                0x0000000008002310       0xc8 ./Drivers/STM32F1xx_HAL_Driver/Src/stm32f1xx_hal_spi.o
                0x0000000008002310                HAL_SPI_Transmit_DMA
 .text.HAL_SPI_TxHalfCpltCallback
                0x00000000080023d8        0x2 ./Drivers/STM32F1xx_HAL_Driver/Src/stm32f1xx_hal_spi.o
                0x00000000080023d8                HAL_SPI_TxHalfCpltCallback
 .text.SPI_DMAHalfTransmitCplt
                0x00000000080023da        0xa ./Drivers/STM32F1xx_HAL_Driver/Src/stm32f1xx_hal_spi.o
 .text.HAL_SPI_ErrorCallback
                0x00000000080023e4        0x2 ./Drivers/STM32F1xx_HAL_Driver/Src/stm32f1xx_hal_spi.o
                0x00000000080023e4                HAL_SPI_ErrorCallback
 .text.SPI_DMAError
                0x00000000080023e6       0x22 ./Drivers/STM32F1xx_HAL_Driver/Src/stm32f1xx_hal_spi.o
 .text.SPI_DMATransmitCplt
                0x0000000008002408       0x6a ./Drivers/STM32F1xx_HAL_Driver/Src/stm32f1xx_hal_spi.o
 *fill*         0x0000000008002472        0x2 
 .text.HAL_SPI_IRQHandler
                0x0000000008002474       0xec ./Drivers/STM32F1xx_HAL_Driver/Src/stm32f1xx_hal_spi.o
                0x0000000008002474                HAL_SPI_IRQHandler
 .text.SPI_DMAAbortOnError
                0x0000000008002560       0x10 ./Drivers/STM32F1xx_HAL_Driver/Src/stm32f1xx_hal_spi.o
 .text.__libc_init_array
                0x0000000008002570       0x48 c:/st/stm32cubeide_1.8.0/stm32cubeide/plugins/com.st.stm32cube.ide.mcu.externaltools.gnu-tools-for-stm32.9-2020-q2-update.win32_2.0.0.202105311346/tools/bin/../lib/gcc/arm-none-eabi/9.3.1/../../../../arm-none-eabi/lib/thumb/v7-m/nofp\libc_nano.a(lib_a-init.o)
                0x0000000008002570                __libc_init_array
 .text.__itoa   0x00000000080025b8       0x30 c:/st/stm32cubeide_1.8.0/stm32cubeide/plugins/com.st.stm32cube.ide.mcu.externaltools.gnu-tools-for-stm32.9-2020-q2-update.win32_2.0.0.202105311346/tools/bin/../lib/gcc/arm-none-eabi/9.3.1/../../../../arm-none-eabi/lib/thumb/v7-m/nofp\libc_nano.a(lib_a-itoa.o)
                0x00000000080025b8                __itoa
 .text.itoa     0x00000000080025e8        0x4 c:/st/stm32cubeide_1.8.0/stm32cubeide/plugins/com.st.stm32cube.ide.mcu.externaltools.gnu-tools-for-stm32.9-2020-q2-update.win32_2.0.0.202105311346/tools/bin/../lib/gcc/arm-none-eabi/9.3.1/../../../../arm-none-eabi/lib/thumb/v7-m/nofp\libc_nano.a(lib_a-itoa.o)
                0x00000000080025e8                itoa
 .text.memcpy   0x00000000080025ec       0x1c c:/st/stm32cubeide_1.8.0/stm32cubeide/plugins/com.st.stm32cube.ide.mcu.externaltools.gnu-tools-for-stm32.9-2020-q2-update.win32_2.0.0.202105311346/tools/bin/../lib/gcc/arm-none-eabi/9.3.1/../../../../arm-none-eabi/lib/thumb/v7-m/nofp\libc_nano.a(lib_a-memcpy-stub.o)
                0x00000000080025ec                memcpy
 .text.memset   0x0000000008002608       0x10 c:/st/stm32cubeide_1.8.0/stm32cubeide/plugins/com.st.stm32cube.ide.mcu.externaltools.gnu-tools-for-stm32.9-2020-q2-update.win32_2.0.0.202105311346/tools/bin/../lib/gcc/arm-none-eabi/9.3.1/../../../../arm-none-eabi/lib/thumb/v7-m/nofp\libc_nano.a(lib_a-memset.o)
                0x0000000008002608                memset
 .text.__utoa   0x0000000008002618       0x84 c:/st/stm32cubeide_1.8.0/stm32cubeide/plugins/com.st.stm32cube.ide.mcu.externaltools.gnu-tools-for-stm32.9-2020-q2-update.win32_2.0.0.202105311346/tools/bin/../lib/gcc/arm-none-eabi/9.3.1/../../../../arm-none-eabi/lib/thumb/v7-m/nofp\libc_nano.a(lib_a-utoa.o)
                0x0000000008002618                __utoa
 *(.glue_7)
 .glue_7        0x000000000800269c        0x0 linker stubs
 *(.glue_7t)
 .glue_7t       0x000000000800269c        0x0 linker stubs
 *(.eh_frame)
 .eh_frame      0x000000000800269c        0x0 c:/st/stm32cubeide_1.8.0/stm32cubeide/plugins/com.st.stm32cube.ide.mcu.externaltools.gnu-tools-for-stm32.9-2020-q2-update.win32_2.0.0.202105311346/tools/bin/../lib/gcc/arm-none-eabi/9.3.1/thumb/v7-m/nofp/crtbegin.o
 *(.init)
 .init          0x000000000800269c        0x4 c:/st/stm32cubeide_1.8.0/stm32cubeide/plugins/com.st.stm32cube.ide.mcu.externaltools.gnu-tools-for-stm32.9-2020-q2-update.win32_2.0.0.202105311346/tools/bin/../lib/gcc/arm-none-eabi/9.3.1/thumb/v7-m/nofp/crti.o
                0x000000000800269c                _init
 .init          0x00000000080026a0        0x8 c:/st/stm32cubeide_1.8.0/stm32cubeide/plugins/com.st.stm32cube.ide.mcu.externaltools.gnu-tools-for-stm32.9-2020-q2-update.win32_2.0.0.202105311346/tools/bin/../lib/gcc/arm-none-eabi/9.3.1/thumb/v7-m/nofp/crtn.o
 *(.fini)
 .fini          0x00000000080026a8        0x4 c:/st/stm32cubeide_1.8.0/stm32cubeide/plugins/com.st.stm32cube.ide.mcu.externaltools.gnu-tools-for-stm32.9-2020-q2-update.win32_2.0.0.202105311346/tools/bin/../lib/gcc/arm-none-eabi/9.3.1/thumb/v7-m/nofp/crti.o
                0x00000000080026a8                _fini
 .fini          0x00000000080026ac        0x8 c:/st/stm32cubeide_1.8.0/stm32cubeide/plugins/com.st.stm32cube.ide.mcu.externaltools.gnu-tools-for-stm32.9-2020-q2-update.win32_2.0.0.202105311346/tools/bin/../lib/gcc/arm-none-eabi/9.3.1/thumb/v7-m/nofp/crtn.o
                0x00000000080026b4                . = ALIGN (0x4)
                0x00000000080026b4                _etext = .

.vfp11_veneer   0x00000000080026b4        0x0
 .vfp11_veneer  0x00000000080026b4        0x0 linker stubs

.v4_bx          0x00000000080026b4        0x0
 .v4_bx         0x00000000080026b4        0x0 linker stubs

.iplt           0x00000000080026b4        0x0
 .iplt          0x00000000080026b4        0x0 c:/st/stm32cubeide_1.8.0/stm32cubeide/plugins/com.st.stm32cube.ide.mcu.externaltools.gnu-tools-for-stm32.9-2020-q2-update.win32_2.0.0.202105311346/tools/bin/../lib/gcc/arm-none-eabi/9.3.1/thumb/v7-m/nofp/crtbegin.o

.rodata         0x00000000080026b4     0x2618
                0x00000000080026b4                . = ALIGN (0x4)
 *(.rodata)
 .rodata        0x00000000080026b4      0x338 ./Core/Src/guilib.o
 .rodata        0x00000000080029ec        0xc ./Core/Src/main.o
 *(.rodata*)
 .rodata.Arial_Narrow10x13
                0x00000000080029f8      0x7e4 ./Core/Src/fonts.o
                0x00000000080029f8                Arial_Narrow10x13
 .rodata.Arial_Narrow12x16
                0x00000000080031dc      0x964 ./Core/Src/fonts.o
                0x00000000080031dc                Arial_Narrow12x16
 .rodata.Arial_Narrow15x19
                0x0000000008003b40     0x1144 ./Core/Src/fonts.o
                0x0000000008003b40                Arial_Narrow15x19
 .rodata.AHBPrescTable
                0x0000000008004c84       0x10 ./Core/Src/system_stm32f1xx.o
                0x0000000008004c84                AHBPrescTable
 .rodata.HAL_RCC_GetSysClockFreq.str1.1
                0x0000000008004c94       0x11 ./Drivers/STM32F1xx_HAL_Driver/Src/stm32f1xx_hal_rcc.o
 .rodata.__utoa.str1.1
                0x0000000008004ca5       0x25 c:/st/stm32cubeide_1.8.0/stm32cubeide/plugins/com.st.stm32cube.ide.mcu.externaltools.gnu-tools-for-stm32.9-2020-q2-update.win32_2.0.0.202105311346/tools/bin/../lib/gcc/arm-none-eabi/9.3.1/../../../../arm-none-eabi/lib/thumb/v7-m/nofp\libc_nano.a(lib_a-utoa.o)
                0x0000000008004ccc                . = ALIGN (0x4)
 *fill*         0x0000000008004cca        0x2 

.rel.dyn        0x0000000008004ccc        0x0
 .rel.iplt      0x0000000008004ccc        0x0 c:/st/stm32cubeide_1.8.0/stm32cubeide/plugins/com.st.stm32cube.ide.mcu.externaltools.gnu-tools-for-stm32.9-2020-q2-update.win32_2.0.0.202105311346/tools/bin/../lib/gcc/arm-none-eabi/9.3.1/thumb/v7-m/nofp/crtbegin.o

.ARM.extab      0x0000000008004ccc        0x0
                0x0000000008004ccc                . = ALIGN (0x4)
 *(.ARM.extab* .gnu.linkonce.armextab.*)
                0x0000000008004ccc                . = ALIGN (0x4)

.ARM            0x0000000008004ccc        0x0
                0x0000000008004ccc                . = ALIGN (0x4)
                0x0000000008004ccc                __exidx_start = .
 *(.ARM.exidx*)
                0x0000000008004ccc                __exidx_end = .
                0x0000000008004ccc                . = ALIGN (0x4)

.preinit_array  0x0000000008004ccc        0x0
                0x0000000008004ccc                . = ALIGN (0x4)
                0x0000000008004ccc                PROVIDE (__preinit_array_start = .)
 *(.preinit_array*)
                0x0000000008004ccc                PROVIDE (__preinit_array_end = .)
                0x0000000008004ccc                . = ALIGN (0x4)

.init_array     0x0000000008004ccc        0x4
                0x0000000008004ccc                . = ALIGN (0x4)
                0x0000000008004ccc                PROVIDE (__init_array_start = .)
 *(SORT_BY_NAME(.init_array.*))
 *(.init_array*)
 .init_array    0x0000000008004ccc        0x4 c:/st/stm32cubeide_1.8.0/stm32cubeide/plugins/com.st.stm32cube.ide.mcu.externaltools.gnu-tools-for-stm32.9-2020-q2-update.win32_2.0.0.202105311346/tools/bin/../lib/gcc/arm-none-eabi/9.3.1/thumb/v7-m/nofp/crtbegin.o
                0x0000000008004cd0                PROVIDE (__init_array_end = .)
                0x0000000008004cd0                . = ALIGN (0x4)

.fini_array     0x0000000008004cd0        0x4
                0x0000000008004cd0                . = ALIGN (0x4)
                [!provide]                        PROVIDE (__fini_array_start = .)
 *(SORT_BY_NAME(.fini_array.*))
 *(.fini_array*)
 .fini_array    0x0000000008004cd0        0x4 c:/st/stm32cubeide_1.8.0/stm32cubeide/plugins/com.st.stm32cube.ide.mcu.externaltools.gnu-tools-for-stm32.9-2020-q2-update.win32_2.0.0.202105311346/tools/bin/../lib/gcc/arm-none-eabi/9.3.1/thumb/v7-m/nofp/crtbegin.o
                [!provide]                        PROVIDE (__fini_array_end = .)
                0x0000000008004cd4                . = ALIGN (0x4)
                0x0000000008004cd4                _sidata = LOADADDR (.data)

.data           0x0000000020000000       0x10 load address 0x0000000008004cd4
                0x0000000020000000                . = ALIGN (0x4)
                0x0000000020000000                _sdata = .
 *(.data)
 *(.data*)
 .data.LCD_HEIGHT
                0x0000000020000000        0x2 ./Core/Src/ILI9341_STM32_Driver.o
                0x0000000020000000                LCD_HEIGHT
 .data.LCD_WIDTH
                0x0000000020000002        0x2 ./Core/Src/ILI9341_STM32_Driver.o
                0x0000000020000002                LCD_WIDTH
 .data.SystemCoreClock
                0x0000000020000004        0x4 ./Core/Src/system_stm32f1xx.o
                0x0000000020000004                SystemCoreClock
 .data.uwTickFreq
                0x0000000020000008        0x1 ./Drivers/STM32F1xx_HAL_Driver/Src/stm32f1xx_hal.o
                0x0000000020000008                uwTickFreq
 *fill*         0x0000000020000009        0x3 
 .data.uwTickPrio
                0x000000002000000c        0x4 ./Drivers/STM32F1xx_HAL_Driver/Src/stm32f1xx_hal.o
                0x000000002000000c                uwTickPrio
 *(.RamFunc)
 *(.RamFunc*)
                0x0000000020000010                . = ALIGN (0x4)
                0x0000000020000010                _edata = .

.igot.plt       0x0000000020000010        0x0 load address 0x0000000008004ce4
 .igot.plt      0x0000000020000010        0x0 c:/st/stm32cubeide_1.8.0/stm32cubeide/plugins/com.st.stm32cube.ide.mcu.externaltools.gnu-tools-for-stm32.9-2020-q2-update.win32_2.0.0.202105311346/tools/bin/../lib/gcc/arm-none-eabi/9.3.1/thumb/v7-m/nofp/crtbegin.o
                0x0000000020000010                . = ALIGN (0x4)

.bss            0x0000000020000010       0xc4 load address 0x0000000008004ce4
                0x0000000020000010                _sbss = .
                0x0000000020000010                __bss_start__ = _sbss
 *(.bss)
 .bss           0x0000000020000010       0x1c c:/st/stm32cubeide_1.8.0/stm32cubeide/plugins/com.st.stm32cube.ide.mcu.externaltools.gnu-tools-for-stm32.9-2020-q2-update.win32_2.0.0.202105311346/tools/bin/../lib/gcc/arm-none-eabi/9.3.1/thumb/v7-m/nofp/crtbegin.o
 *(.bss*)
 .bss.id_item   0x000000002000002c        0x4 ./Core/Src/main.o
                0x000000002000002c                id_item
 .bss.id_page   0x0000000020000030        0x4 ./Core/Src/main.o
                0x0000000020000030                id_page
 *(COMMON)
 COMMON         0x0000000020000034       0x9c ./Core/Src/main.o
                0x0000000020000034                hspi1
                0x000000002000008c                hdma_spi1_tx
 COMMON         0x00000000200000d0        0x4 ./Drivers/STM32F1xx_HAL_Driver/Src/stm32f1xx_hal.o
                0x00000000200000d0                uwTick
                0x00000000200000d4                . = ALIGN (0x4)
                0x00000000200000d4                _ebss = .
                0x00000000200000d4                __bss_end__ = _ebss

._user_heap_stack
                0x00000000200000d4      0x604 load address 0x0000000008004ce4
                0x00000000200000d8                . = ALIGN (0x8)
 *fill*         0x00000000200000d4        0x4 
                [!provide]                        PROVIDE (end = .)
                0x00000000200000d8                PROVIDE (_end = .)
                0x00000000200002d8                . = (. + _Min_Heap_Size)
 *fill*         0x00000000200000d8      0x200 
                0x00000000200006d8                . = (. + _Min_Stack_Size)
 *fill*         0x00000000200002d8      0x400 
                0x00000000200006d8                . = ALIGN (0x8)

/DISCARD/
 libc.a(*)
 libm.a(*)
 libgcc.a(*)

.ARM.attributes
                0x0000000000000000       0x29
 *(.ARM.attributes)
 .ARM.attributes
                0x0000000000000000       0x1d c:/st/stm32cubeide_1.8.0/stm32cubeide/plugins/com.st.stm32cube.ide.mcu.externaltools.gnu-tools-for-stm32.9-2020-q2-update.win32_2.0.0.202105311346/tools/bin/../lib/gcc/arm-none-eabi/9.3.1/thumb/v7-m/nofp/crti.o
 .ARM.attributes
                0x000000000000001d       0x2d c:/st/stm32cubeide_1.8.0/stm32cubeide/plugins/com.st.stm32cube.ide.mcu.externaltools.gnu-tools-for-stm32.9-2020-q2-update.win32_2.0.0.202105311346/tools/bin/../lib/gcc/arm-none-eabi/9.3.1/thumb/v7-m/nofp/crtbegin.o
 .ARM.attributes
                0x000000000000004a       0x2d ./Core/Src/ILI9341_GFX.o
 .ARM.attributes
                0x0000000000000077       0x2d ./Core/Src/ILI9341_STM32_Driver.o
 .ARM.attributes
                0x00000000000000a4       0x33 ./Core/Src/fonts.o
 .ARM.attributes
                0x00000000000000d7       0x2d ./Core/Src/guilib.o
 .ARM.attributes
                0x0000000000000104       0x2d ./Core/Src/main.o
 .ARM.attributes
                0x0000000000000131       0x2d ./Core/Src/stm32f1xx_hal_msp.o
 .ARM.attributes
                0x000000000000015e       0x2d ./Core/Src/stm32f1xx_it.o
 .ARM.attributes
                0x000000000000018b       0x2d ./Core/Src/system_stm32f1xx.o
 .ARM.attributes
                0x00000000000001b8       0x21 ./Core/Startup/startup_stm32f103c8tx.o
 .ARM.attributes
                0x00000000000001d9       0x2d ./Drivers/STM32F1xx_HAL_Driver/Src/stm32f1xx_hal.o
 .ARM.attributes
                0x0000000000000206       0x2d ./Drivers/STM32F1xx_HAL_Driver/Src/stm32f1xx_hal_cortex.o
 .ARM.attributes
                0x0000000000000233       0x2d ./Drivers/STM32F1xx_HAL_Driver/Src/stm32f1xx_hal_dma.o
 .ARM.attributes
                0x0000000000000260       0x2d ./Drivers/STM32F1xx_HAL_Driver/Src/stm32f1xx_hal_gpio.o
 .ARM.attributes
                0x000000000000028d       0x2d ./Drivers/STM32F1xx_HAL_Driver/Src/stm32f1xx_hal_rcc.o
 .ARM.attributes
                0x00000000000002ba       0x2d ./Drivers/STM32F1xx_HAL_Driver/Src/stm32f1xx_hal_spi.o
 .ARM.attributes
                0x00000000000002e7       0x2d c:/st/stm32cubeide_1.8.0/stm32cubeide/plugins/com.st.stm32cube.ide.mcu.externaltools.gnu-tools-for-stm32.9-2020-q2-update.win32_2.0.0.202105311346/tools/bin/../lib/gcc/arm-none-eabi/9.3.1/../../../../arm-none-eabi/lib/thumb/v7-m/nofp\libc_nano.a(lib_a-init.o)
 .ARM.attributes
                0x0000000000000314       0x2d c:/st/stm32cubeide_1.8.0/stm32cubeide/plugins/com.st.stm32cube.ide.mcu.externaltools.gnu-tools-for-stm32.9-2020-q2-update.win32_2.0.0.202105311346/tools/bin/../lib/gcc/arm-none-eabi/9.3.1/../../../../arm-none-eabi/lib/thumb/v7-m/nofp\libc_nano.a(lib_a-itoa.o)
 .ARM.attributes
                0x0000000000000341       0x2d c:/st/stm32cubeide_1.8.0/stm32cubeide/plugins/com.st.stm32cube.ide.mcu.externaltools.gnu-tools-for-stm32.9-2020-q2-update.win32_2.0.0.202105311346/tools/bin/../lib/gcc/arm-none-eabi/9.3.1/../../../../arm-none-eabi/lib/thumb/v7-m/nofp\libc_nano.a(lib_a-memcpy-stub.o)
 .ARM.attributes
                0x000000000000036e       0x2d c:/st/stm32cubeide_1.8.0/stm32cubeide/plugins/com.st.stm32cube.ide.mcu.externaltools.gnu-tools-for-stm32.9-2020-q2-update.win32_2.0.0.202105311346/tools/bin/../lib/gcc/arm-none-eabi/9.3.1/../../../../arm-none-eabi/lib/thumb/v7-m/nofp\libc_nano.a(lib_a-memset.o)
 .ARM.attributes
                0x000000000000039b       0x2d c:/st/stm32cubeide_1.8.0/stm32cubeide/plugins/com.st.stm32cube.ide.mcu.externaltools.gnu-tools-for-stm32.9-2020-q2-update.win32_2.0.0.202105311346/tools/bin/../lib/gcc/arm-none-eabi/9.3.1/../../../../arm-none-eabi/lib/thumb/v7-m/nofp\libc_nano.a(lib_a-utoa.o)
 .ARM.attributes
                0x00000000000003c8       0x1d c:/st/stm32cubeide_1.8.0/stm32cubeide/plugins/com.st.stm32cube.ide.mcu.externaltools.gnu-tools-for-stm32.9-2020-q2-update.win32_2.0.0.202105311346/tools/bin/../lib/gcc/arm-none-eabi/9.3.1/thumb/v7-m/nofp\libgcc.a(_arm_addsubsf3.o)
 .ARM.attributes
                0x00000000000003e5       0x1d c:/st/stm32cubeide_1.8.0/stm32cubeide/plugins/com.st.stm32cube.ide.mcu.externaltools.gnu-tools-for-stm32.9-2020-q2-update.win32_2.0.0.202105311346/tools/bin/../lib/gcc/arm-none-eabi/9.3.1/thumb/v7-m/nofp\libgcc.a(_arm_cmpsf2.o)
 .ARM.attributes
                0x0000000000000402       0x1d c:/st/stm32cubeide_1.8.0/stm32cubeide/plugins/com.st.stm32cube.ide.mcu.externaltools.gnu-tools-for-stm32.9-2020-q2-update.win32_2.0.0.202105311346/tools/bin/../lib/gcc/arm-none-eabi/9.3.1/thumb/v7-m/nofp/crtn.o
OUTPUT(UniController.elf elf32-littlearm)
LOAD linker stubs
LOAD c:/st/stm32cubeide_1.8.0/stm32cubeide/plugins/com.st.stm32cube.ide.mcu.externaltools.gnu-tools-for-stm32.9-2020-q2-update.win32_2.0.0.202105311346/tools/bin/../lib/gcc/arm-none-eabi/9.3.1/../../../../arm-none-eabi/lib/thumb/v7-m/nofp\libc.a
LOAD c:/st/stm32cubeide_1.8.0/stm32cubeide/plugins/com.st.stm32cube.ide.mcu.externaltools.gnu-tools-for-stm32.9-2020-q2-update.win32_2.0.0.202105311346/tools/bin/../lib/gcc/arm-none-eabi/9.3.1/../../../../arm-none-eabi/lib/thumb/v7-m/nofp\libm.a
LOAD c:/st/stm32cubeide_1.8.0/stm32cubeide/plugins/com.st.stm32cube.ide.mcu.externaltools.gnu-tools-for-stm32.9-2020-q2-update.win32_2.0.0.202105311346/tools/bin/../lib/gcc/arm-none-eabi/9.3.1/thumb/v7-m/nofp\libgcc.a

.comment        0x0000000000000000       0x53
 .comment       0x0000000000000000       0x53 ./Core/Src/ILI9341_GFX.o
                                         0x54 (size before relaxing)
 .comment       0x0000000000000053       0x54 ./Core/Src/ILI9341_STM32_Driver.o
 .comment       0x0000000000000053       0x54 ./Core/Src/fonts.o
 .comment       0x0000000000000053       0x54 ./Core/Src/guilib.o
 .comment       0x0000000000000053       0x54 ./Core/Src/main.o
 .comment       0x0000000000000053       0x54 ./Core/Src/stm32f1xx_hal_msp.o
 .comment       0x0000000000000053       0x54 ./Core/Src/stm32f1xx_it.o
 .comment       0x0000000000000053       0x54 ./Core/Src/system_stm32f1xx.o
 .comment       0x0000000000000053       0x54 ./Drivers/STM32F1xx_HAL_Driver/Src/stm32f1xx_hal.o
 .comment       0x0000000000000053       0x54 ./Drivers/STM32F1xx_HAL_Driver/Src/stm32f1xx_hal_cortex.o
 .comment       0x0000000000000053       0x54 ./Drivers/STM32F1xx_HAL_Driver/Src/stm32f1xx_hal_dma.o
 .comment       0x0000000000000053       0x54 ./Drivers/STM32F1xx_HAL_Driver/Src/stm32f1xx_hal_gpio.o
 .comment       0x0000000000000053       0x54 ./Drivers/STM32F1xx_HAL_Driver/Src/stm32f1xx_hal_rcc.o
 .comment       0x0000000000000053       0x54 ./Drivers/STM32F1xx_HAL_Driver/Src/stm32f1xx_hal_spi.o

.debug_frame    0x0000000000000000      0x208
 .debug_frame   0x0000000000000000       0x2c c:/st/stm32cubeide_1.8.0/stm32cubeide/plugins/com.st.stm32cube.ide.mcu.externaltools.gnu-tools-for-stm32.9-2020-q2-update.win32_2.0.0.202105311346/tools/bin/../lib/gcc/arm-none-eabi/9.3.1/../../../../arm-none-eabi/lib/thumb/v7-m/nofp\libc_nano.a(lib_a-init.o)
 .debug_frame   0x000000000000002c       0x38 c:/st/stm32cubeide_1.8.0/stm32cubeide/plugins/com.st.stm32cube.ide.mcu.externaltools.gnu-tools-for-stm32.9-2020-q2-update.win32_2.0.0.202105311346/tools/bin/../lib/gcc/arm-none-eabi/9.3.1/../../../../arm-none-eabi/lib/thumb/v7-m/nofp\libc_nano.a(lib_a-itoa.o)
 .debug_frame   0x0000000000000064       0x28 c:/st/stm32cubeide_1.8.0/stm32cubeide/plugins/com.st.stm32cube.ide.mcu.externaltools.gnu-tools-for-stm32.9-2020-q2-update.win32_2.0.0.202105311346/tools/bin/../lib/gcc/arm-none-eabi/9.3.1/../../../../arm-none-eabi/lib/thumb/v7-m/nofp\libc_nano.a(lib_a-memcpy-stub.o)
 .debug_frame   0x000000000000008c       0x20 c:/st/stm32cubeide_1.8.0/stm32cubeide/plugins/com.st.stm32cube.ide.mcu.externaltools.gnu-tools-for-stm32.9-2020-q2-update.win32_2.0.0.202105311346/tools/bin/../lib/gcc/arm-none-eabi/9.3.1/../../../../arm-none-eabi/lib/thumb/v7-m/nofp\libc_nano.a(lib_a-memset.o)
 .debug_frame   0x00000000000000ac       0x48 c:/st/stm32cubeide_1.8.0/stm32cubeide/plugins/com.st.stm32cube.ide.mcu.externaltools.gnu-tools-for-stm32.9-2020-q2-update.win32_2.0.0.202105311346/tools/bin/../lib/gcc/arm-none-eabi/9.3.1/../../../../arm-none-eabi/lib/thumb/v7-m/nofp\libc_nano.a(lib_a-utoa.o)
 .debug_frame   0x00000000000000f4       0x4c c:/st/stm32cubeide_1.8.0/stm32cubeide/plugins/com.st.stm32cube.ide.mcu.externaltools.gnu-tools-for-stm32.9-2020-q2-update.win32_2.0.0.202105311346/tools/bin/../lib/gcc/arm-none-eabi/9.3.1/thumb/v7-m/nofp\libgcc.a(_arm_addsubsf3.o)
 .debug_frame   0x0000000000000140       0xc8 c:/st/stm32cubeide_1.8.0/stm32cubeide/plugins/com.st.stm32cube.ide.mcu.externaltools.gnu-tools-for-stm32.9-2020-q2-update.win32_2.0.0.202105311346/tools/bin/../lib/gcc/arm-none-eabi/9.3.1/thumb/v7-m/nofp\libgcc.a(_arm_cmpsf2.o)
